
=== unguarded  (/workspace/gen_v6_cap2560.json)
 i fin  raw w delp w span ch  anaph%  run  int% int pct@W agri  1p/1k
 1 EOS    374    374      66    58.8   21  60.0     100.0    0  149.7
 2 CAP   2354    447    5530    26.3    7  51.3     100.0    0    0.0
 3 CAP   1861    200    5067     0.0    1   4.8      47.1    0  100.0
 4 EOS    405    405      84    34.2    6  20.5      92.0    0   14.5
 5 EOS    200    200      32     0.0    1   0.0      22.8    0    0.0
 6 CAP   2151    720    5290     0.8    2   0.8       8.0    4    0.0
 7 CAP   2362    146    5615    20.0    2  18.2      83.0    0  191.8
 8 EOS    263    263      36    22.7    4   8.7      64.9    0   57.0
 9 EOS    252    252      34    31.0    5  26.7      94.2    0    0.0
10 CAP   2263    233    5942    39.1   10  45.8     100.0    0    0.0

=== guarded  (/workspace/gen_v6_guard.json)
 i fin  raw w delp w span ch  anaph%  run  int% int pct@W agri  1p/1k
 1 EOS    490    490      26    26.9    5  55.6     100.0    0  130.6
 2 EOS   2134   2134      37    56.4   53  62.2     100.0    0    1.4
 3 EOS    284    284      24    12.5    3  11.8      76.1    0  124.6
 4 CAP   2022   2022      31    51.6   55   2.1       9.4    0   66.0
 5 CAP   2295   2295      39    60.5   15  35.8     100.0    0    0.0
 6 EOS    793    793      32    83.9   41   0.0       4.0    0    0.0
 7 EOS    962    962      36    47.4   11  25.2      99.3    0   22.8
 8 EOS    393    393      26    62.3   20   0.0      13.0    0  124.7
 9 EOS    892    892      29    11.9    3  16.2      91.3    0    1.1
10 EOS   1013   1013      29    15.2    3   2.1      15.9    0   35.9

=== base  (/workspace/gen_base_control.json)
 i fin  raw w delp w span ch  anaph%  run  int% int pct@W agri  1p/1k
 1 EOS    788    788      29     0.0    1   0.0       4.0    4    0.0
 2 EOS    819    819      26     0.0    1   3.4      26.8    1   16.6
 3 EOS    713    713      20     0.0    1   4.0      31.2    6    0.0
 4 EOS    652    652      21     0.0    1   0.0       6.2    7    0.0

corpus long-form anaphora: p90 3.3  max 8.9  max run 3

arm         n  EOS loop med raw w med delp w  EOS w range med an% mean an% >cMAX run>c med int% med pct >p90 agri/1k
unguarded  10    5    5      1133        258      200-405    24.5     23.3     7     6     19.4    87.5    5    1.22
guarded    10    8    2       927        927     284-2134    49.5     42.9    10     7     14.0    83.7    5    0.00
base        4    4    0       750        750      652-819     0.0      0.0     0     0      1.7    16.5    0    5.98
loop (CAP or >=200ch repeat)       unguarded 5/10  guarded 2/10  Fisher p = 0.3498
EOS                                unguarded 5/10  guarded 8/10  Fisher p = 0.3498
anaphora > corpus MAX              unguarded 7/10  guarded 10/10  Fisher p = 0.2105
EOS and 250-450 w (prediction band) unguarded 4/10  guarded 2/10  Fisher p = 0.6285

prediction check on the seeds that cap-looped unguarded:
  seed i=2: unguarded CAP 2354w -> guarded EOS 2134w anaph 56.4% run 53  out of band
  seed i=3: unguarded CAP 1861w -> guarded EOS 284w anaph 12.5% run 3  IN BAND
  seed i=6: unguarded CAP 2151w -> guarded EOS 793w anaph 83.9% run 41  out of band
  seed i=7: unguarded CAP 2362w -> guarded EOS 962w anaph 47.4% run 11  out of band
  seed i=10: unguarded CAP 2263w -> guarded EOS 1013w anaph 15.2% run 3  out of band
