
=== unguarded  (/workspace/gen_v6_cap2560.json)
 i fin  raw w delp w span ch  anaph%  run  int% int pct@W agri  1p/1k
 1 EOS    374    374      66    58.8   21  60.0     100.0    0  149.7
 2 CAP   2354    447    5530    26.3    7  51.3     100.0    0    0.0
 3 CAP   1861    200    5067     0.0    1   4.8      47.1    0  100.0
 4 EOS    405    405      84    34.2    6  20.5      92.0    0   14.5
 5 EOS    200    200      32     0.0    1   0.0      22.8    0    0.0
 6 CAP   2151    720    5290     0.8    2   0.8       8.0    4    0.0
 7 CAP   2362    146    5615    20.0    2  18.2      83.0    0  191.8
 8 EOS    263    263      36    22.7    4   8.7      64.9    0   57.0
 9 EOS    252    252      34    31.0    5  26.7      94.2    0    0.0
10 CAP   2263    233    5942    39.1   10  45.8     100.0    0    0.0

=== openguardG  (eval/gen_v7_variantG_openguard.json)
 i fin  raw w delp w span ch  anaph%  run  int% int pct@W agri  1p/1k
 1 EOS    157    157      13     0.0    1   0.0      27.2    0  101.9
 2 CAP   2160   1031    5599     0.0    1  12.5      83.7    4    0.0
 3 CAP   1956   1540    1988    33.3   11   2.1       9.4    1   88.5
 4 EOS    887    604    1450     0.0    1   9.4      65.2    0  115.9
 5 EOS    926    836     419     4.4    2  21.7      97.1    0   37.1
 6 EOS    486    486      26     9.3    4   2.3      19.9    3   52.0
 7 EOS   1423   1302     586     5.8    5   6.7      46.0    0   30.6
 8 CAP   1824    513    4535    16.5    6   0.0       8.3    0   93.7
 9 CAP   1783   1079    3865     0.0    1  11.4      78.3    0   51.0
10 EOS    861    861      33     4.4    2  10.1      73.9    0   87.1

=== base  (/workspace/gen_base_control.json)
 i fin  raw w delp w span ch  anaph%  run  int% int pct@W agri  1p/1k
 1 EOS    788    788      29     0.0    1   0.0       4.0    4    0.0
 2 EOS    819    819      26     0.0    1   3.4      26.8    1   16.6
 3 EOS    713    713      20     0.0    1   4.0      31.2    6    0.0
 4 EOS    652    652      21     0.0    1   0.0       6.2    7    0.0

corpus long-form anaphora: p90 3.3  max 8.9  max run 3

arm         n  EOS loop med raw w med delp w  EOS w range med an% mean an% >cMAX run>c med int% med pct >p90 agri/1k
unguarded  10    5    5      1133        258      200-405    24.5     23.3     7     6     19.4    87.5    5    1.22
openguardG 10    6    7      1174        848     157-1423     4.4      7.4     3     4      8.1    55.6    1    0.94
base        4    4    0       750        750      652-819     0.0      0.0     0     0      1.7    16.5    0    5.98
loop (CAP or >=200ch repeat)       unguarded 5/10  openguardG 7/10  Fisher p = 0.6499
EOS                                unguarded 5/10  openguardG 6/10  Fisher p = 1.0000
anaphora > corpus MAX              unguarded 7/10  openguardG 3/10  Fisher p = 0.1789
EOS and 250-450 w (prediction band) unguarded 4/10  openguardG 0/10  Fisher p = 0.0867

prediction check on the seeds that cap-looped unguarded:
  seed i=2: unguarded CAP 2354w -> openguardG CAP 2160w anaph 0.0% run 1  out of band
  seed i=3: unguarded CAP 1861w -> openguardG CAP 1956w anaph 33.3% run 11  out of band
  seed i=6: unguarded CAP 2151w -> openguardG EOS 486w anaph 9.3% run 4  out of band
  seed i=7: unguarded CAP 2362w -> openguardG EOS 1423w anaph 5.8% run 5  out of band
  seed i=10: unguarded CAP 2263w -> openguardG EOS 861w anaph 4.4% run 2  out of band
