
=== unguarded  (/workspace/gen_v6_cap2560.json)
 i fin  raw w delp w span ch  anaph%  run  int% int pct@W agri  1p/1k
 1 EOS    374    374      66    58.8   21  60.0     100.0    0  149.7
 2 CAP   2354    447    5530    26.3    7  51.3     100.0    0    0.0
 3 CAP   1861    200    5067     0.0    1   4.8      47.1    0  100.0
 4 EOS    405    405      84    34.2    6  20.5      92.0    0   14.5
 5 EOS    200    200      32     0.0    1   0.0      22.8    0    0.0
 6 CAP   2151    720    5290     0.8    2   0.8       8.0    4    0.0
 7 CAP   2362    146    5615    20.0    2  18.2      83.0    0  191.8
 8 EOS    263    263      36    22.7    4   8.7      64.9    0   57.0
 9 EOS    252    252      34    31.0    5  26.7      94.2    0    0.0
10 CAP   2263    233    5942    39.1   10  45.8     100.0    0    0.0

=== variantG  (eval/gen_v7_variantG.json)
 i fin  raw w delp w span ch  anaph%  run  int% int pct@W agri  1p/1k
 1 CAP   2062   2062      80    85.6  153   0.0       0.0    0  212.7
 2 CAP   1935    885    5245     4.0    2  15.4      91.3    3   49.4
 3 CAP   2153    735    5030    37.7   18   1.9      13.0    0   60.9
 4 CAP   2192    593    5349    45.0    9  14.3      84.8    0   10.1
 5 CAP   2101    788    5430     8.3    2   7.7      55.4    1   38.1
 6 CAP   1766    604    4111    22.9    5   6.1      46.7    0   61.6
 7 EOS   1206   1206      69    13.7    4  15.6      93.5    0   36.3
 8 EOS    803    758     255    34.6    9   1.3       8.7    0  101.3
 9 CAP   2181    471    6239    59.3   18  38.2      99.3    0   17.0
10 EOS   1362   1312     238    21.9   12  24.3     100.0    0   80.1

=== base  (/workspace/gen_base_control.json)
 i fin  raw w delp w span ch  anaph%  run  int% int pct@W agri  1p/1k
 1 EOS    788    788      29     0.0    1   0.0       4.0    4    0.0
 2 EOS    819    819      26     0.0    1   3.4      26.8    1   16.6
 3 EOS    713    713      20     0.0    1   4.0      31.2    6    0.0
 4 EOS    652    652      21     0.0    1   0.0       6.2    7    0.0

corpus long-form anaphora: p90 3.3  max 8.9  max run 3

arm         n  EOS loop med raw w med delp w  EOS w range med an% mean an% >cMAX run>c med int% med pct >p90 agri/1k
unguarded  10    5    5      1133        258      200-405    24.5     23.3     7     6     19.4    87.5    5    1.22
variantG   10    3    9      1998        773     803-1362    28.8     33.3     8     8     11.0    70.1    4    0.41
base        4    4    0       750        750      652-819     0.0      0.0     0     0      1.7    16.5    0    5.98
loop (CAP or >=200ch repeat)       unguarded 5/10  variantG 9/10  Fisher p = 0.1409
EOS                                unguarded 5/10  variantG 3/10  Fisher p = 0.6499
anaphora > corpus MAX              unguarded 7/10  variantG 8/10  Fisher p = 1.0000
EOS and 250-450 w (prediction band) unguarded 4/10  variantG 0/10  Fisher p = 0.0867

prediction check on the seeds that cap-looped unguarded:
  seed i=2: unguarded CAP 2354w -> variantG CAP 1935w anaph 4.0% run 2  out of band
  seed i=3: unguarded CAP 1861w -> variantG CAP 2153w anaph 37.7% run 18  out of band
  seed i=6: unguarded CAP 2151w -> variantG CAP 1766w anaph 22.9% run 5  out of band
  seed i=7: unguarded CAP 2362w -> variantG EOS 1206w anaph 13.7% run 4  out of band
  seed i=10: unguarded CAP 2263w -> variantG EOS 1362w anaph 21.9% run 12  out of band
